// Vitest Snapshot v1, https://vitest.dev/guide/snapshot.html

exports[`opening a shared project > save and close project > save and close project 1`] = `Promise {}`;
