// Vitest Snapshot v1, https://vitest.dev/guide/snapshot.html

exports[`create a deck from a new project > resulting project file matches snapshot 1`] = `
{
  "value": {
    "media": [
      {
        "clips": [
          {
            "end": "00:12.5",
            "fields": {
              "meaning": "Relaxing while eating bamboo grass is the best",
              "pronunciation": "sasa-o tabe-nágara nonbíri-suru-no-wa saikoo-da-naa",
              "transcription": "笹を食べながらのんびりするのは最高だなぁ",
            },
            "id": "8e92ca1d-8d29-486b-81d1-0a44d2da8366",
            "image": {
              "type": "VideoStill",
            },
            "start": "00:08.04",
            "tags": [
              "pbc",
            ],
          },
          {
            "end": "00:17.76",
            "fields": {
              "meaning": "This kid, lazing about again so early",
              "notes": "\\"Goro-goro\\" is the sound of something big rolling around.",
              "pronunciation": "mata kono ko-wa hirumá-kara góro-goro shite",
              "transcription": "またこの子は昼間からゴロゴロして",
            },
            "id": "a1eb3142-ce18-4595-a3c3-8c867e1058f4",
            "image": {
              "type": "VideoStill",
            },
            "start": "00:15.12",
            "tags": [
              "pbc",
            ],
          },
          {
            "end": "01:21.16",
            "id": "3eb212dd-8f04-4c63-b36a-06a0bb6957aa",
            "image": {
              "type": "VideoStill",
            },
            "start": "01:15.2",
            "tags": [
              "pbc",
            ],
          },
        ],
        "duration": "01:27.062",
        "format": "mov,mp4,m4a,3gp,3g2,mj2",
        "id": "5b0db4e9-a28f-4499-9cd7-d775f4eb7cb0",
        "name": "polar_bear_cafe.mp4",
        "subtitles": [
          {
            "chunksMetadata": {
              "count": 26,
              "endCueMs": 86430,
            },
            "id": "7077af99-722b-4737-854e-d2d1a3a3a60f",
            "streamIndex": 2,
            "type": "Embedded",
          },
          {
            "chunksMetadata": {
              "count": 15,
              "endCueMs": 86730,
            },
            "id": "a517b52e-e10b-4e9e-90e1-bfecc865b428",
            "name": "pbc_jp.ass",
            "type": "External",
          },
        ],
      },
      {
        "duration": "00:58.24",
        "format": "mov,mp4,m4a,3gp,3g2,mj2",
        "id": "906db000-f3d2-46c9-9ec9-0a1069304e41",
        "name": "piggeldy_cat.mp4",
      },
    ],
    "project": {
      "createdAt": "2020-01-28T12:35:20Z",
      "id": "6f58206b-9384-411c-8432-e7ff8d6c958b",
      "name": "My cool new project",
      "noteType": "Transliteration",
      "timestamp": "2020-01-31T14:27:05Z",
    },
  },
}
`;
