// Vitest Snapshot v1, https://vitest.dev/guide/snapshot.html

exports[`opening and saving a previously saved project > resulting project file matches snapshot > save project 1`] = `
{
  "value": {
    "media": [
      {
        "clips": [
          {
            "end": "00:12.5",
            "fields": {
              "meaning": "Relaxing while eating bamboo grass is the best",
              "pronunciation": "sasa-o tabe-nágara nonbíri-suru-no-wa saikoo-da-naa",
              "transcription": "笹を食べながらのんびりするのは最高だなぁ",
            },
            "id": "632a6cff-7fd7-4d0f-b657-0b9636204261",
            "image": {
              "type": "VideoStill",
            },
            "start": "00:08.04",
            "tags": [
              "pbc",
            ],
          },
          {
            "end": "00:18.4",
            "fields": {
              "meaning": "This kid, lazing about again so early",
              "notes": "\\"Goro-goro\\" is the sound of something big rolling around.",
              "pronunciation": "mata kono ko-wa hirumá-kara góro-goro shite",
              "transcription": "ちょっと  またこの子は昼間からゴロゴロして",
            },
            "id": "a272b282-4d89-4af0-9d17-baa807793f1f",
            "image": {
              "type": "VideoStill",
            },
            "start": "00:15.12",
            "tags": [
              "pbc",
            ],
          },
          {
            "end": "01:21.16",
            "fields": {
              "transcription": "えーと  働かないでお金がもらえる仕事が載っているのはどれですか",
            },
            "id": "6fce08e8-9312-4930-9601-c14b470e57ab",
            "image": {
              "type": "VideoStill",
            },
            "start": "01:15.2",
            "tags": [
              "pbc",
            ],
          },
        ],
        "duration": "01:27.062",
        "flashcardFieldsToSubtitlesTracks": {
          "transcription": "b3347257-97c4-4c9a-8eae-9bf88a8edc23",
        },
        "format": "mov,mp4,m4a,3gp,3g2,mj2",
        "id": "10fd95ee-ba1a-424f-95fb-66a28c91faf1",
        "name": "polar_bear_cafe.mp4",
        "subtitles": [
          {
            "chunksMetadata": {
              "count": 26,
              "endCueMs": 86430,
            },
            "id": "d680807d-3a5f-4a25-967f-71871b7d5057",
            "streamIndex": 2,
            "type": "Embedded",
          },
          {
            "chunksMetadata": {
              "count": 15,
              "endCueMs": 86730,
            },
            "id": "b3347257-97c4-4c9a-8eae-9bf88a8edc23",
            "name": "pbc_jp.ass",
            "type": "External",
          },
        ],
      },
      {
        "clips": [
          {
            "end": "00:08.76",
            "fields": {
              "meaning": "I am not a cat, said Frederick angrily",
              "transcription": "Ich bin keine Katze, sagte Frederick böse",
            },
            "id": "136042f2-00bc-4d9b-a3a7-3da1b7868c78",
            "image": {
              "type": "VideoStill",
            },
            "start": "00:07.02",
            "tags": [
              "piggeldy_cat.mp4",
            ],
          },
          {
            "end": "00:20.0",
            "fields": {
              "meaning": "I didn't say that",
              "transcription": "Das hab' ich nicht gesagt",
            },
            "id": "1e62d23d-3f3b-4785-b8ba-5d61dddc78ed",
            "image": {
              "type": "VideoStill",
            },
            "start": "00:18.42",
            "tags": [
              "piggeldy_cat.mp4",
            ],
          },
        ],
        "duration": "00:58.24",
        "format": "mov,mp4,m4a,3gp,3g2,mj2",
        "id": "bb2bd7fe-4ead-48aa-bad5-88df7a1b5e77",
        "name": "piggeldy_cat.mp4",
      },
    ],
    "project": {
      "createdAt": "2020-02-01T13:20:55Z",
      "id": "91bfd159-155c-4b61-bdd5-d71e2e944773",
      "name": "My cool saved project",
      "noteType": "Transliteration",
      "timestamp": "2020-02-02T15:31:43Z",
    },
  },
}
`;

